// Jest Snapshot v1, https://goo.gl/fbAQLP

exports[`Table component renders snapshot correctly 1`] = `
<div>
  <main
    className="main"
  >
    <h1
      className="title"
    >
      Next.js
      <br />
      Fantasy Football customisable tables
    </h1>
    <div
      className="table"
    >
      <p>
        Gameweek: 
        10
      </p>
      <p
        suppressHydrationWarning={true}
      >
        Time:
         
        Tue 9 Apr 1957, 19:11
      </p>
      <table
        className="leaguetable"
      >
        <thead>
          <tr
            className="shaded"
          >
            <td>
              Name
            </td>
            <td>
              Team
            </td>
            <td
              className="sort sorted"
              onClick={[Function]}
            >
              Points
              <img
                alt="down arrow"
                data-nimg="1"
                decoding="async"
                height={15}
                loading="lazy"
                onError={[Function]}
                onLoad={[Function]}
                src="/_next/image?url=%2Farrow.webp&w=32&q=75"
                srcSet="/_next/image?url=%2Farrow.webp&w=32&q=75 1x"
                style={
                  {
                    "color": "transparent",
                  }
                }
                width={15}
              />
            </td>
            <td>
              Rank
            </td>
            <td
              className="sort "
              onClick={[Function]}
            >
              GW Points
              <img
                alt="down arrow"
                data-nimg="1"
                decoding="async"
                height={15}
                loading="lazy"
                onError={[Function]}
                onLoad={[Function]}
                src="/_next/image?url=%2Farrow.webp&w=32&q=75"
                srcSet="/_next/image?url=%2Farrow.webp&w=32&q=75 1x"
                style={
                  {
                    "color": "transparent",
                  }
                }
                width={15}
              />
            </td>
            <td>
              GW Rank
            </td>
          </tr>
        </thead>
        <tbody>
          <tr>
            <td>
              Player 1
            </td>
            <td>
              <a
                href="https://fantasy.premierleague.com/entry/1/event/10"
                rel="noreferrer"
                target="_blank"
              >
                Team 1
              </a>
            </td>
            <td
              className="numeric"
            >
              100
            </td>
            <td
              className="numeric"
            >
              11
            </td>
            <td
              className="numeric"
            >
              25
            </td>
            <td
              className="numeric"
            >
              33
            </td>
          </tr>
          <tr>
            <td>
              Player 2
            </td>
            <td>
              <a
                href="https://fantasy.premierleague.com/entry/2/event/10"
                rel="noreferrer"
                target="_blank"
              >
                Team 2
              </a>
            </td>
            <td
              className="numeric"
            >
              75
            </td>
            <td
              className="numeric"
            >
              22
            </td>
            <td
              className="numeric"
            >
              50
            </td>
            <td
              className="numeric"
            >
              11
            </td>
          </tr>
          <tr>
            <td>
              Player 3
            </td>
            <td>
              <a
                href="https://fantasy.premierleague.com/entry/3/event/10"
                rel="noreferrer"
                target="_blank"
              >
                Team 3
              </a>
            </td>
            <td
              className="numeric"
            >
              50
            </td>
            <td
              className="numeric"
            >
              33
            </td>
            <td
              className="numeric"
            >
              30
            </td>
            <td
              className="numeric"
            >
              22
            </td>
          </tr>
        </tbody>
      </table>
      <div
        className="notes"
      >
        <ul
          className="bullets"
        >
          <li>
            Next.js static rendered: data fetched and added at build time, no data fetched from front-end.
          </li>
          <li>
            Incremental Static Regeneration: page is regenerated after most recent page request (at most once per second).
          </li>
          <li>
            Stale page is served while the updated page is being regenerated.
          </li>
          <li>
            Data fetched: 
            2021-04-27 09:26:36.715872
             GMT
          </li>
          <li>
            API: 
            testLeague
          </li>
        </ul>
      </div>
    </div>
  </main>
</div>
`;
