// Jest Snapshot v1, https://goo.gl/fbAQLP

exports[`Table component renders snapshot correctly 1`] = `
<div>
  <main
    className="main"
  >
    <h1
      className="title"
    >
      Next.js
      <br />
      Fantasy Football customisable tables
    </h1>
    <div
      className="table"
    >
      <p>
        Gameweek: 
        10
      </p>
      <p
        suppressHydrationWarning={true}
      >
        Time:
         
        Tue 9 Apr 1957, 19:11
      </p>
      <table
        className="leaguetable"
      >
        <thead>
          <tr
            className="shaded"
          >
            <td>
              Name
            </td>
            <td>
              Team
            </td>
            <td
              className="sort sorted"
              onClick={[Function]}
            >
              Points
              <span
                style={
                  Object {
                    "background": "none",
                    "border": 0,
                    "boxSizing": "border-box",
                    "display": "inline-block",
                    "height": "initial",
                    "margin": 0,
                    "maxWidth": "100%",
                    "opacity": 1,
                    "overflow": "hidden",
                    "padding": 0,
                    "position": "relative",
                    "width": "initial",
                  }
                }
              >
                <span
                  style={
                    Object {
                      "background": "none",
                      "border": 0,
                      "boxSizing": "border-box",
                      "display": "block",
                      "height": "initial",
                      "margin": 0,
                      "maxWidth": "100%",
                      "opacity": 1,
                      "padding": 0,
                      "width": "initial",
                    }
                  }
                >
                  <img
                    alt=""
                    aria-hidden={true}
                    src="data:image/svg+xml,%3csvg%20xmlns=%27http://www.w3.org/2000/svg%27%20version=%271.1%27%20width=%2715%27%20height=%2715%27/%3e"
                    style={
                      Object {
                        "background": "none",
                        "border": 0,
                        "display": "block",
                        "height": "initial",
                        "margin": 0,
                        "maxWidth": "100%",
                        "opacity": 1,
                        "padding": 0,
                        "width": "initial",
                      }
                    }
                  />
                </span>
                <img
                  alt="down arrow"
                  data-nimg="intrinsic"
                  decoding="async"
                  src="data:image/gif;base64,R0lGODlhAQABAIAAAAAAAP///yH5BAEAAAAALAAAAAABAAEAAAIBRAA7"
                  style={
                    Object {
                      "border": "none",
                      "bottom": 0,
                      "boxSizing": "border-box",
                      "display": "block",
                      "height": 0,
                      "left": 0,
                      "margin": "auto",
                      "maxHeight": "100%",
                      "maxWidth": "100%",
                      "minHeight": "100%",
                      "minWidth": "100%",
                      "objectFit": undefined,
                      "objectPosition": undefined,
                      "padding": 0,
                      "position": "absolute",
                      "right": 0,
                      "top": 0,
                      "width": 0,
                    }
                  }
                />
                <noscript>
                  <img
                    alt="down arrow"
                    data-nimg="intrinsic"
                    decoding="async"
                    loading="lazy"
                    src="/_next/image?url=%2Farrow.webp&w=32&q=75"
                    srcSet="/_next/image?url=%2Farrow.webp&w=16&q=75 1x, /_next/image?url=%2Farrow.webp&w=32&q=75 2x"
                    style={
                      Object {
                        "border": "none",
                        "bottom": 0,
                        "boxSizing": "border-box",
                        "display": "block",
                        "height": 0,
                        "left": 0,
                        "margin": "auto",
                        "maxHeight": "100%",
                        "maxWidth": "100%",
                        "minHeight": "100%",
                        "minWidth": "100%",
                        "objectFit": undefined,
                        "objectPosition": undefined,
                        "padding": 0,
                        "position": "absolute",
                        "right": 0,
                        "top": 0,
                        "width": 0,
                      }
                    }
                  />
                </noscript>
              </span>
            </td>
            <td>
              Rank
            </td>
            <td
              className="sort "
              onClick={[Function]}
            >
              GW Points
              <span
                style={
                  Object {
                    "background": "none",
                    "border": 0,
                    "boxSizing": "border-box",
                    "display": "inline-block",
                    "height": "initial",
                    "margin": 0,
                    "maxWidth": "100%",
                    "opacity": 1,
                    "overflow": "hidden",
                    "padding": 0,
                    "position": "relative",
                    "width": "initial",
                  }
                }
              >
                <span
                  style={
                    Object {
                      "background": "none",
                      "border": 0,
                      "boxSizing": "border-box",
                      "display": "block",
                      "height": "initial",
                      "margin": 0,
                      "maxWidth": "100%",
                      "opacity": 1,
                      "padding": 0,
                      "width": "initial",
                    }
                  }
                >
                  <img
                    alt=""
                    aria-hidden={true}
                    src="data:image/svg+xml,%3csvg%20xmlns=%27http://www.w3.org/2000/svg%27%20version=%271.1%27%20width=%2715%27%20height=%2715%27/%3e"
                    style={
                      Object {
                        "background": "none",
                        "border": 0,
                        "display": "block",
                        "height": "initial",
                        "margin": 0,
                        "maxWidth": "100%",
                        "opacity": 1,
                        "padding": 0,
                        "width": "initial",
                      }
                    }
                  />
                </span>
                <img
                  alt="down arrow"
                  data-nimg="intrinsic"
                  decoding="async"
                  src="data:image/gif;base64,R0lGODlhAQABAIAAAAAAAP///yH5BAEAAAAALAAAAAABAAEAAAIBRAA7"
                  style={
                    Object {
                      "border": "none",
                      "bottom": 0,
                      "boxSizing": "border-box",
                      "display": "block",
                      "height": 0,
                      "left": 0,
                      "margin": "auto",
                      "maxHeight": "100%",
                      "maxWidth": "100%",
                      "minHeight": "100%",
                      "minWidth": "100%",
                      "objectFit": undefined,
                      "objectPosition": undefined,
                      "padding": 0,
                      "position": "absolute",
                      "right": 0,
                      "top": 0,
                      "width": 0,
                    }
                  }
                />
                <noscript>
                  <img
                    alt="down arrow"
                    data-nimg="intrinsic"
                    decoding="async"
                    loading="lazy"
                    src="/_next/image?url=%2Farrow.webp&w=32&q=75"
                    srcSet="/_next/image?url=%2Farrow.webp&w=16&q=75 1x, /_next/image?url=%2Farrow.webp&w=32&q=75 2x"
                    style={
                      Object {
                        "border": "none",
                        "bottom": 0,
                        "boxSizing": "border-box",
                        "display": "block",
                        "height": 0,
                        "left": 0,
                        "margin": "auto",
                        "maxHeight": "100%",
                        "maxWidth": "100%",
                        "minHeight": "100%",
                        "minWidth": "100%",
                        "objectFit": undefined,
                        "objectPosition": undefined,
                        "padding": 0,
                        "position": "absolute",
                        "right": 0,
                        "top": 0,
                        "width": 0,
                      }
                    }
                  />
                </noscript>
              </span>
            </td>
            <td>
              GW Rank
            </td>
          </tr>
        </thead>
        <tbody>
          <tr>
            <td>
              Player 1
            </td>
            <td>
              <a
                href="https://fantasy.premierleague.com/entry/1/event/10"
                rel="noreferrer"
                target="_blank"
              >
                Team 1
              </a>
            </td>
            <td
              className="numeric"
            >
              100
            </td>
            <td
              className="numeric"
            >
              11
            </td>
            <td
              className="numeric"
            >
              25
            </td>
            <td
              className="numeric"
            >
              33
            </td>
          </tr>
          <tr>
            <td>
              Player 2
            </td>
            <td>
              <a
                href="https://fantasy.premierleague.com/entry/2/event/10"
                rel="noreferrer"
                target="_blank"
              >
                Team 2
              </a>
            </td>
            <td
              className="numeric"
            >
              75
            </td>
            <td
              className="numeric"
            >
              22
            </td>
            <td
              className="numeric"
            >
              50
            </td>
            <td
              className="numeric"
            >
              11
            </td>
          </tr>
          <tr>
            <td>
              Player 3
            </td>
            <td>
              <a
                href="https://fantasy.premierleague.com/entry/3/event/10"
                rel="noreferrer"
                target="_blank"
              >
                Team 3
              </a>
            </td>
            <td
              className="numeric"
            >
              50
            </td>
            <td
              className="numeric"
            >
              33
            </td>
            <td
              className="numeric"
            >
              30
            </td>
            <td
              className="numeric"
            >
              22
            </td>
          </tr>
        </tbody>
      </table>
      <div
        className="notes"
      >
        <ul
          className="bullets"
        >
          <li>
            Next.js static rendered: data fetched and added at build time, no data fetched from front-end.
          </li>
          <li>
            Incremental Static Regeneration: page is regenerated after most recent page request (at most once per second).
          </li>
          <li>
            Stale page is served while the updated page is being regenerated.
          </li>
          <li>
            Data fetched: 
            2021-04-27 09:26:36.715872
             GMT
          </li>
          <li>
            API: 
          </li>
        </ul>
      </div>
    </div>
  </main>
</div>
`;
